<?xml version="1.0" encoding="UTF-8"?>
<dataset>
<alumno ID="1" NOMBRE="test_1" EDAD="21" CALIFICACION="5" EMAIL="test1@hotmail.com" />
<alumno ID="3" NOMBRE="test_3" EDAD="23" CALIFICACION="7" EMAIL="test3@hotmail.com" />
</dataset>