<?xml version="1.0" encoding="UTF-8"?>
<dataset>
<alumno id="1" nombre="test_1" edad="21" calificacion="5" email="test1@hotmail.com" />
</dataset>